
> react-kavia@0.1.0 start
> react-scripts start

(node:1129) [DEP_WEBPACK_DEV_SERVER_ON_AFTER_SETUP_MIDDLEWARE] DeprecationWarning: 'onAfterSetupMiddleware' option is deprecated. Please use the 'setupMiddlewares' option.
(Use `node --trace-deprecation ...` to show where the warning was created)
(node:1129) [DEP_WEBPACK_DEV_SERVER_ON_BEFORE_SETUP_MIDDLEWARE] DeprecationWarning: 'onBeforeSetupMiddleware' option is deprecated. Please use the 'setupMiddlewares' option.
Starting the development server...

Compiled successfully!

You can now view react-kavia in the browser.

  Local:            http://localhost:3000
  On Your Network:  http://172.17.0.2:3000

Note that the development build is not optimized.
To create a production build, use npm run build.

webpack compiled successfully
Compiling...
Failed to compile.

[eslint] 
src/App.js
Syntax error: Export 'BalanceDisplay' is not defined. (282:2) (282:2)
ERROR in ./src/App.js
Module build failed (from ./node_modules/babel-loader/lib/index.js):
SyntaxError: /home/kavia/workspace/code-generation/piggyhabit-25438-e36bf896/piggyhabit/src/App.js: Export 'BalanceDisplay' is not defined. (282:2)

  280 | export {
  281 |   App as default,
> 282 |   BalanceDisplay,
      |   ^
  283 |   PiggyBankGraphic,
  284 |   AddSavingsForm,
  285 |   WithdrawSavingsForm,
    at constructor (/home/kavia/workspace/code-generation/piggyhabit-25438-e36bf896/piggyhabit/node_modules/@babel/parser/lib/index.js:360:19)
    at FlowParserMixin.raise (/home/kavia/workspace/code-generation/piggyhabit-25438-e36bf896/piggyhabit/node_modules/@babel/parser/lib/index.js:3327:19)
    at FlowParserMixin.parseProgram (/home/kavia/workspace/code-generation/piggyhabit-25438-e36bf896/piggyhabit/node_modules/@babel/parser/lib/index.js:12284:16)
    at FlowParserMixin.parseTopLevel (/home/kavia/workspace/code-generation/piggyhabit-25438-e36bf896/piggyhabit/node_modules/@babel/parser/lib/index.js:12270:25)
    at FlowParserMixin.parseTopLevel (/home/kavia/workspace/code-generation/piggyhabit-25438-e36bf896/piggyhabit/node_modules/@babel/parser/lib/index.js:5909:28)
    at FlowParserMixin.parse (/home/kavia/workspace/code-generation/piggyhabit-25438-e36bf896/piggyhabit/node_modules/@babel/parser/lib/index.js:14120:10)
    at parse (/home/kavia/workspace/code-generation/piggyhabit-25438-e36bf896/piggyhabit/node_modules/@babel/parser/lib/index.js:14154:38)
    at parser (/home/kavia/workspace/code-generation/piggyhabit-25438-e36bf896/piggyhabit/node_modules/@babel/core/lib/parser/index.js:41:34)
    at parser.next (<anonymous>)
    at normalizeFile (/home/kavia/workspace/code-generation/piggyhabit-25438-e36bf896/piggyhabit/node_modules/@babel/core/lib/transformation/normalize-file.js:64:37)
    at normalizeFile.next (<anonymous>)
    at run (/home/kavia/workspace/code-generation/piggyhabit-25438-e36bf896/piggyhabit/node_modules/@babel/core/lib/transformation/index.js:22:50)
    at run.next (<anonymous>)
    at transform (/home/kavia/workspace/code-generation/piggyhabit-25438-e36bf896/piggyhabit/node_modules/@babel/core/lib/transform.js:22:33)
    at transform.next (<anonymous>)
    at step (/home/kavia/workspace/code-generation/piggyhabit-25438-e36bf896/piggyhabit/node_modules/gensync/index.js:261:32)
    at /home/kavia/workspace/code-generation/piggyhabit-25438-e36bf896/piggyhabit/node_modules/gensync/index.js:273:13
    at async.call.result.err.err (/home/kavia/workspace/code-generation/piggyhabit-25438-e36bf896/piggyhabit/node_modules/gensync/index.js:223:11)
    at /home/kavia/workspace/code-generation/piggyhabit-25438-e36bf896/piggyhabit/node_modules/gensync/index.js:189:28
    at /home/kavia/workspace/code-generation/piggyhabit-25438-e36bf896/piggyhabit/node_modules/@babel/core/lib/gensync-utils/async.js:67:7
    at /home/kavia/workspace/code-generation/piggyhabit-25438-e36bf896/piggyhabit/node_modules/gensync/index.js:113:33
    at step (/home/kavia/workspace/code-generation/piggyhabit-25438-e36bf896/piggyhabit/node_modules/gensync/index.js:287:14)
    at /home/kavia/workspace/code-generation/piggyhabit-25438-e36bf896/piggyhabit/node_modules/gensync/index.js:273:13
    at async.call.result.err.err (/home/kavia/workspace/code-generation/piggyhabit-25438-e36bf896/piggyhabit/node_modules/gensync/index.js:223:11)

ERROR in [eslint] 
src/App.js
  Line 282:2:  Parsing error: Export 'BalanceDisplay' is not defined. (282:2)

webpack compiled with 2 errors
Compiling...
Failed to compile.

[eslint] 
src/App.js
Syntax error: Export 'BalanceDisplay' is not defined. (284:2) (284:2)
ERROR in ./src/App.js
Module build failed (from ./node_modules/babel-loader/lib/index.js):
SyntaxError: /home/kavia/workspace/code-generation/piggyhabit-25438-e36bf896/piggyhabit/src/App.js: Export 'BalanceDisplay' is not defined. (284:2)

  282 | export {
  283 |   App as default,
> 284 |   BalanceDisplay,
      |   ^
  285 |   PiggyBankGraphic,
  286 |   AddSavingsForm,
  287 |   WithdrawSavingsForm,
    at constructor (/home/kavia/workspace/code-generation/piggyhabit-25438-e36bf896/piggyhabit/node_modules/@babel/parser/lib/index.js:360:19)
    at FlowParserMixin.raise (/home/kavia/workspace/code-generation/piggyhabit-25438-e36bf896/piggyhabit/node_modules/@babel/parser/lib/index.js:3327:19)
    at FlowParserMixin.parseProgram (/home/kavia/workspace/code-generation/piggyhabit-25438-e36bf896/piggyhabit/node_modules/@babel/parser/lib/index.js:12284:16)
    at FlowParserMixin.parseTopLevel (/home/kavia/workspace/code-generation/piggyhabit-25438-e36bf896/piggyhabit/node_modules/@babel/parser/lib/index.js:12270:25)
    at FlowParserMixin.parseTopLevel (/home/kavia/workspace/code-generation/piggyhabit-25438-e36bf896/piggyhabit/node_modules/@babel/parser/lib/index.js:5909:28)
    at FlowParserMixin.parse (/home/kavia/workspace/code-generation/piggyhabit-25438-e36bf896/piggyhabit/node_modules/@babel/parser/lib/index.js:14120:10)
    at parse (/home/kavia/workspace/code-generation/piggyhabit-25438-e36bf896/piggyhabit/node_modules/@babel/parser/lib/index.js:14154:38)
    at parser (/home/kavia/workspace/code-generation/piggyhabit-25438-e36bf896/piggyhabit/node_modules/@babel/core/lib/parser/index.js:41:34)
    at parser.next (<anonymous>)
    at normalizeFile (/home/kavia/workspace/code-generation/piggyhabit-25438-e36bf896/piggyhabit/node_modules/@babel/core/lib/transformation/normalize-file.js:64:37)
    at normalizeFile.next (<anonymous>)
    at run (/home/kavia/workspace/code-generation/piggyhabit-25438-e36bf896/piggyhabit/node_modules/@babel/core/lib/transformation/index.js:22:50)
    at run.next (<anonymous>)
    at transform (/home/kavia/workspace/code-generation/piggyhabit-25438-e36bf896/piggyhabit/node_modules/@babel/core/lib/transform.js:22:33)
    at transform.next (<anonymous>)
    at step (/home/kavia/workspace/code-generation/piggyhabit-25438-e36bf896/piggyhabit/node_modules/gensync/index.js:261:32)
    at /home/kavia/workspace/code-generation/piggyhabit-25438-e36bf896/piggyhabit/node_modules/gensync/index.js:273:13
    at async.call.result.err.err (/home/kavia/workspace/code-generation/piggyhabit-25438-e36bf896/piggyhabit/node_modules/gensync/index.js:223:11)

ERROR in [eslint] 
src/App.js
  Line 284:2:  Parsing error: Export 'BalanceDisplay' is not defined. (284:2)

webpack compiled with 2 errors
